Pilot
Spanish 101
Introduction to Film
Social Psychology
Advanced Criminal Law
Football
Introduction to Statistics
Home Economics
Debate 109
Environmental Science
The Politics of Human Sexuality
Comparative Religion
Investigative Journalism
Interpretive Dance
Romantic Expressionism
Communication Studies
Physical Education
Basic Genealogy
Beginner Pottery
The Science of Illusion
Contemporary American Poultry
The Art of Discourse
Modern Warfare
English as a Second Language
Pascal's Triangle Revisited
Anthropology 101
Accounting for Lawyers
The Psychology of Letting Go
Basic Rocket Science
Messianic Myths and Ancient Peoples
Epidemiology
Aerodynamics of Gender
Cooperative Calligraphy
Conspiracy Theories and Interior Design
Mixology Certification
Abed's Uncontrollable Christmas
Asian Population Studies
Celebrity Pharmacology
Advanced Dungeons &amp; Dragons
Early 21st Century Romanticism
Intermediate Documentary Filmmaking
Intro to Political Science
Custody Law and Eastern European Diplomacy
Critical Film Studies
Competitive Wine Tasting
Paradigms of Human Memory
Applied Anthropology and Culinary Arts
A Fistful of Paintballs
For a Few Paintballs More
Biology 101
Geography of Global Conflict
Competitive Ecology
Remedial Chaos Theory
Horror Fiction in Seven Spooky Steps
Advanced Gay
Studies in Modern Movement
Documentary Filmmaking: Redux
Foosball and Nocturnal Vigilantism
Regional Holiday Music
Urban Matrimony and the Sandwich Arts
Contemporary Impressionists
Digital Exploration of Interior Design
Pillows and Blankets
Origins of Vampire Mythology
Virtual Systems Analysis
Basic Lupine Urology
Course Listing Unavailable
Curriculum Unavailable
Digital Estate Planning
The First Chang Dynasty
Introduction to Finality
History 101
Paranormal Parentage
Conventions of Space and Time
Alternative History of the German Invasion
Cooperative Escapism in Familial Relations
Advanced Documentary Filmmaking
Economics of Marine Biology
Herstory of Dance
Intro to Felt Surrogacy
Intro to Knots
Basic Human Anatomy
Heroic Origins
Advanced Introduction to Finality
Repilot
Introduction to Teaching
Basic Intergluteal Numismatics
Cooperative Polygraphy
Geothermal Escapism
Analysis of Cork-Based Networking
Bondage and Beta Male Sexuality
App Development and Condiments
VCR Maintenance and Educational Publishing
Advanced Advanced Dungeons &amp; Dragons
G.I. Jeff
Basic Story
Basic Sandwich
Ladders
Lawnmower Maintenance and Postnatal Care
Basic Crisis Room Decorum
Queer Studies &amp; Advanced Waxing
Laws of Robotics &amp; Party Rights
Basic Email Security
Advanced Safety Features
Intro to Recycled Cinema
Grifting 101
Basic RV Repair and Palmistry
Modern Espionage
Wedding Videography
Emotional Consequences of Broadcast Television
Pilot
The Aftermath
Blind Date
Jack the Writer
Jack-Tor
Jack Meets Dennis
Tracy Does Conan
The Break-Up
The Baby Show
The Rural Juror
The Head and the Hair
Black Tie
Up All Night
The &quot;C&quot; Word
Hard Ball
The Source Awards
The Fighting Irish
Fireworks
Corporate Crush
Cleveland
Hiatus
Seinfeld Vision
Jack Gets in the Game
The Collection
Rosemary's Baby
Greenzo
Somebody to Love
Cougars
Secrets and Lies
Ludachristmas
Episode 210
MILF Island
Subway Hero
Succession
Sandwich Day
Cooter
Do-Over
Believe in the Stars
The One with the Cast of 'Night Court'
Gavin Volure
Reunion
Christmas Special
Senor Macho Solo
Flu Shot
Retreat to Move Forward
Generalissimo
St. Valentine's Day
Larry King
Goodbye
The Funcooker
The Bubble
Apollo
Cutbacks
Jackie Jormp-Jomp
The Ones
The Natural Order
Mama Mia
Kidney Now!
Season 4
Into the Crevasse
Stone Mountain
Audition Day
The Problem Solvers
Sun Tea
Dealbreakers Talk Show #0001
Secret Santa
Klaus and Greta
Black Light Attack!
Winter Madness
Verna
Anna Howard Shaw Day
Future Husband
Don Geiss
Floyd
Lee Marvin vs. Derek Jeter
Khonani
Argus
The Moms
Emmanuel Goes to Dinosaur Land
I Do Do
The Fabian Strategy
When It Rains
Let's Stay Together
Live Show
Reaganing
Gentleman's Intermission
Brooklyn Without Limits
College
Chain Reaction of Mental Anguish
Christmas Attack Zone
Mrs. Donaghy
Operation Righteous Cowboy Lightning
¡Qu&#233; Sorpresa!
Double-Edged Sword
It's Never Too Late for Now
TGS Hates Women
Queen of Jordan
Plan B
I Heart Connecticut
100: Part 1
100: Part 2
Everything Sunny All the Time Always
Respawn
Dance Like Nobody's Watching
Idiots Are People Two!
Idiots Are People Three!
The Ballad of Kenneth Parcell
Today You Are a Man
Hey
Hey
The Tuxedo Begins
Leap Day
Alexis Goodlooking and the Case of the Missing Whisky
Standards and Practises
St. Patrick's Day
Grandmentor
Kidnapped by Danger
The Shower Principle
Nothing Left to Lose
Meet the Woggels
Murphy Brown Lied to Us
Live from Studio 6H
Queen of Jordan 2: The Mystery of the Phantom Pooper
The Return of Avery Jessup
What Will Happen to the Gang Next Year?
The Beginning of the End
Governor Dunston
Stride of Pride
Unwindulax
There's No I in America
Aunt Phatso vs. Jack Donaghy
Mazel Tov
My Whole Life Is Thunder
Game Over
Florida
A Goon's Deed in a Weary World
Hogcock!
Last Lunch
The Gang Gets Racist
Charlie Wants an Abortion
Underage Drinking: A National Concern
Charlie Has Cancer
Gun Fever
The Gang Finds a Dead Guy
Charlie Got Molested
Charlie Gets Crippled
The Gang Goes Jihad
Dennis and Dee Go on Welfare
Mac Bangs Dennis' Mom
Hundred Dollar Baby
The Gang Gives Back
The Gang Exploits a Miracle
The Gang Runs for Office
Charlie Goes America All Over Everybody's Ass
Dennis and Dee Get a New Dad
The Gang Finds a Dumpster Baby
The Gang Gets Invincible
Dennis and Dee's Mom is Dead
The Gang Gets Held Hostage
The Aluminum Monster vs. Fatty Magoo
The Gang Solves the North Korea Situation
The Gang Sells Out
Frank Sets Sweet Dee on Fire
Sweet Dee's Dating a Retarded Person
Mac is a Serial Killer
Dennis Looks Like a Registered Sex Offender
The Gang Gets Whacked: Part 1
The Gang Gets Whacked: Part 2
Bums: Making a Mess All Over the City
The Gang Dances Their Asses Off
Mac and Dennis: Manhunters
The Gang Solves the Gas Crisis
America's Next Top Paddy's Billboard Model Contest
Mac's Banging the Waitress
Mac and Charlie Die
Mac and Charlie Die Part 2
Who Pooped the Bed?
Paddy's Pub: The Worst Bar in Philadelphia
Dennis Reynolds: An Erotic Life
Sweet Dee Has a Heart Attack
The Gang Cracks the Liberty Bell
The Gang Gets Extreme: Home Makeover Edition
The Nightman Cometh
The Gang Exploits the Mortgage Crisis
The Gang Hits the Road
The Great Recession
The Gang Gives Frank an Intervention
The Waitress is Getting Married
The World Series Defense
The Gang Wrestles for the Troops
Paddy's Pub: Home of the Original Kitten
Mac and Dennis Break Up
The D.E.N.N.I.S. System
Mac and Charlie Write a Movie
The Gang Reignites the Rivalry
Mac Fights Gay Marriage
Dennis Gets Divorced
The Gang Buys a Boat
Mac's Big Break
Mac and Charlie: White Trash
Mac's Mom Burns Her House Down
Who Got Dee Pregnant
The Gang Gets a New Member
Dee Reynolds: Shaping America's Youth
Charlie Kelly: King of the Rats
The Gang Gets Stranded in the Woods
Dee Gives Birth
A Very Sunny Christmas
Frank's Pretty Woman
The Gang Goes to the Jersey Shore
Frank Reynolds' Little Beauties
Sweet Dee Gets Audited
Frank's Brother
The Storm of the Century
Chardee MacDennis: The Game of Games
The ANTI-Social Network
The Gang Gets Trapped
How Mac Got Fat
Thunder Gun Express
The High School Reunion
The High School Reunion Part 2: The Gang's Revenge
Pop-Pop: The Final Solution
The Gang Recycles Their Trash
The Maureen Ponderosa Wedding Massacre
Charlie and Dee Find Love
The Gang Gets Analyzed
Charlie's Mom Has Cancer
Frank's Back in Business
Charlie Rules the World
The Gang Dines Out
Reynolds vs. Reynolds: The Cereal Defense
The Gang Broke Dee
Gun Fever Too: Still Hot
The Gang Tries Desperately to Win an Award
Mac and Dennis Buy a Timeshare
Mac Day
The Gang Saves the Day
The Gang Gets Quarantined
Flowers for Charlie
The Gang Makes Lethal Weapon 6
The Gang Squashes Their Beefs
The Gang Beats Boggs
The Gang Group Dates
Psycho Pete Returns
Charlie Work
The Gang Spies Like U.S.
The Gang Misses the Boat
Mac Kills His Dad
The Gang Goes on Family Fight
Frank Retires
Ass Kickers United: Mac and Charlie Join a Cult
Chardee MacDennis 2: Electric Boogaloo
Frank Falls Out the Window
The Gang Hits the Slopes
Dee Made a Smut Film
Mac &amp; Dennis Move to the Suburbs
Being Frank
McPoyle vs. Ponderosa: The Trial of the Century
Charlie Catches a Leprechaun
The Gang Goes to Hell: Part 1
The Gang Goes to Hell: Part 2
The Gang Turns Black
The Gang Goes to a Water Park
Old Lady House: A Situation Comedy
Wolf Cola: A Public Relations Nightmare
Making Dennis Reynolds a Murderer
Hero or Hate Crime?
PTSDee
The Gang Tends Bar
A Cricket's Tale
Dennis' Double Life
The Gang Makes Paddy's Great Again
The Gang Escapes
The Gang Beats Boggs: Ladies Reboot
Time's Up for the Gang
The Gang Gets New Wheels
The Gang Solves the Bathroom Problem
The Gang Does a Clip Show
Charlie's Home Alone
The Gang Wins the Big Game
Mac Finds His Pride
Everything Is Fine
Flying
Tahani Al-Jamil
Jason Mendoza
Category 55 Emergency Doomsday Crisis
What We Owe to Each Other
The Eternal Shriek
Most Improved Player
...Someone Like Me as a Member
Chidi's Choice
What's My Motivation
Mindy St. Claire
Michael's Gambit
Everything Is Great! Part 1
Everything Is Great! Part 2
Dance Dance Resolution
Team Cockroach
Existential Crisis
The Trolley Problem
Janet and Michael
Derek
Leap to Faith
Best Self
Rhonda
The Burrito
Somewhere Else
Everything Is Bonzer! Part 1
Everything Is Bonzer! Part 2
The Brainy Bunch
The Snowplow
Jeremy Bearimy
The Ballad of Donkey Doug
A Fractured Inheritance
The Worst Possible Use of Free Will
Don't Let the Good Life Pass You By
Janet(s)
The Book of Dougs
Chidi Sees the Time-Knife
Pandemonium
Winter is Coming
The Kingsroad
Lord Snow
Cripples
The Wolf and the Lion
A Golden Crown
You Win or You Die
The Pointy End
Baelor
Fire and Blood
The North Remembers
The Night Lands
What is Dead May Never Die
Garden of Bones
The Ghost of Harrenhal
The Old Gods and the New
A Man Without Honor
The Prince of Winterfell
Blackwater
Valar Morghulis
Valar Dohaeris
Dark Wings
Walk of Punishment
And Now His Watch is Ended
Kissed by Fire
The Climb
The Bear and the Maiden Fair
Second Sons
The Rains of Castamere
Mhysa
Two Swords
The Lion and the Rose
Breaker of Chains
Oathkeeper
First of His Name
The Laws of Gods and Men
Mockingbird
The Mountain and the Viper
The Watchers on the Wall
The Children
The Wars to Come
The House of Black and White
High Sparrow
Sons of the Harpy
Kill the Boy
Unbowed
The Gift
Hardhome
The Dance of Dragons
Mother's Mercy
The Red Woman
Home
Oathbreaker
Book of the Stranger
The Door
Blood of My Blood
The Broken Man
No One
Battle of the Bastards
The Winds of Winter
Dragonstone
Stormborn
The Queen's Justice
The Spoils of War
Eastwatch
Beyond the Wall
The Dragon and the Wolf
Winterfell
A Knight of the Seven Kingdoms
The Long Night
The Last of the Starks
The Bells
The Iron Throne
Inside Game of Thrones
You Win or You Die
A Gathering Storm
Ice and Fire: A Foreshadowing
A Day in the Life
Inside Game of Thrones - The Best Seat in the House
Inside Game of Thrones - Prosthetics
18 Hours at the Paint Hall
The Story So Far
The Last Watch
Greatest Moments
Pilot
The Bicycle Thief
Come Fly With Me
The Incident
Coal Digger
Run for Your Wife
En Garde
Great Expectations
Fizbo
Undeck the Halls
Up All Night
Not in My House
Fifteen Percent
Moon Landing
My Funky Valentine
Fears
Truth Be Told
Starry Night
Game Changer
Benched
Travels With Scout
Airport 2010
Hawaii
Family Portrait
The Old Wagon
The Kiss
Earthquake
Strangers on a Treadmill
Unplugged
Halloween
Chirp
Manny Get Your Gun
Mother Tucker
Dance Dance Revelation
Slow Down Your Neighbors
Our Children
Caught in the Act
Bixby's Back
Princess Party
Regrets Only
Two Monkeys and a Panda
Boys' Night
The Musical Man
Someone to Watch Over Lily
Mother's Day
Good Cop Bad Dog
See You Next Fall
The One That Got Away
Dude Ranch
When Good Kids Go Bad
Phil On Wire
Door to Door
Hit and Run
Go Bullfrogs!
Treehouse
After the Fire
Punkin Chunkin
Express Christmas
Lifetime Supply
Egg Drop
Little Bo Bleep
Me? Jealous?
Aunt Mommy
Virgin Territory
Leap Day
Send Out the Clowns
Election Day
The Last Walt
Planes
Disneyland
Tableau Vivant
Baby on Board
Bringing Up Baby
Schooled
Snip
The Butler's Escape
Open House of Horrors
Yard Sale
Arrested
Mistery Date
When a Tree Falls
Diamond in the Rough
New Year's Eve
Party Crasher
Fulgencio
A Slight at the Opera
Heart Broken
Bad Hair Day
Best Men
The Wow Factor
The Future Dunphys
Flip Flop
Career Day
My Hero
Games People Play
Goodnight
Suddenly
First Days
Larry's Wife
Farm Strong
The Late Show
The Help
A Fair to Remember
ClosetCon '13
The Big Game
The Old Man &amp; the Tree
And One to Grow On
Under Pressure
Three Dinners
iSpy
The Feud
Spring-a-Ding-Fling
Other People's Children
Las Vegas
A Hard Jay's Night
Australia
Sleeper
Message Received
The Wedding (1)
The Wedding (2)
The Long Honeymoon
Do Not Push
The Cold
Marco Polo
Won't You Be Our Neighbor
Halloween 3: AwesomeLand
Queer Eyes
Three Turkeys
Strangers in the Night
Haley's 21st Birthday
The Day We Almost Died
The Big Guns
Rash Decisions
Valentine's Day 4: Twisted Sister
Fight or Flight
Connection Lost
Closet? You'll Love It!
Spring Break
Grill
Knock 'Em Down
Integrity
Patriot Games
Crying Out Loud
American Skyper
Summer Lovin'
The Day Alex Left for College
The Closet Case
She Crazy
The Verdict
The More You Ignore Me
Phil's Sexy
Clean Out Your Junk Drawer
White Christmas
Playdates
Spread Your Wings
Clean for a Day
Thunk in the Trunk
The Storm
I Don't Know How She Does It
The Cover-Up
Express Yourself
The Party
Man Shouldn't Lie
Promposal
Crazy Train
Double Click
A Tale of Three Cities
A Stereotypical Day
Blindsided
Weathering Heights
Halloween 4: The Revenge of Rod Skyhook
Grab It
Thanksgiving Jamboree
The Alliance
Snow Ball
Ringmaster Keifth
Sarge &amp; Pea
Do You Believe in Magic?
Do It Yourself
Heavy Is the Head
Finding Fizbo
Basketball
Pig Moon Rising
Five Minutes
Frank's Wedding
All Things Being Equal
Alone Time
The Graduates
Lake Life
The Long Goodbye
Catch of the Day
Sex
It's the Great Pumpkin
Ten Years Later
Winner Winner Turkey Dinner
Brushes With Celebrity
Tough Love
No Small Feet
He Said
Dear Beloved Family
In Your Head
Written in the Stars
Spanks for the Memories
Wine Weekend
Royal Visit
Daddy Issues
CHiPs and Salsa
Mother!
The Escape
Clash of Swords
I Love a Parade
Kiss and Tell
A Sketchy Area
Torn Between Two Lovers
Good Grief
On the Same Paige
Did the Chicken Cross the Road?
Kids These Days
Putting Down Roots
Stuck in a Moment
A Moving Day
Blasts from the Past
Whanex?
We Need to Talk About Lily
Supershowerbabybowl
Red Alert
The Wild
Stand By Your Man
Yes-Woman
Can't Elope
Commencement
A Year of Birthdays
Pilot
Diversity Day
Health Care
The Alliance
Basketball
Hot Girl
The Dundies
Sexual Harassment
Office Olympics
The Fire
Halloween
The Fight
The Client
Performance Review
E-Mail Surveillance
Christmas Party
Booze Cruise
The Injury
The Secret
The Carpet
Boys and Girls
Valentine's Day
Dwight's Speech
Take Your Daughter to Work Day
Michael's Birthday
Drug Testing
Conflict Resolution
Casino Night
Gay Witch Hunt
The Convention
The Coup
Grief Counseling
Initiation
Diwali
Branch Closing
The Merger
The Convict
A Benihana Christmas (1)
A Benihana Christmas (2)
Back from Vacation
Traveling Salesmen
The Return
Ben Franklin
Phyllis' Wedding
Business School
Cocktails
The Negotiation
Safety Training
Product Recall
Women's Appreciation
Beach Games
The Job (1)
The Job (2)
Fun Run (1)
Fun Run (2)
Dunder Mifflin Infinity (1)
Dunder Mifflin Infinity (2)
Launch Party (1)
Launch Party (2)
Money (1)
Money (2)
Local Ad
Branch Wars
Survivor Man
The Deposition
Dinner Party
Chair Model
Night Out
Did I Stutter?
Job Fair
Goodbye
Goodbye
Weight Loss (1)
Weight Loss (2)
Business Ethics
Baby Shower
Crime Aid
Employee Transfer
Customer Survey
Business Trip
Frame Toby
The Surplus
Moroccan Christmas
The Duel
Prince Family Paper
Stress Relief (1)
Stress Relief (2)
Lecture Circuit (1)
Lecture Circuit (2)
Blood Drive
Golden Ticket
New Boss
Two Weeks
Dream Team
The Michael Scott Paper Company
Heavy Competition
Broke
Casual Friday
Cafe Disco
Company Picnic
Gossip
The Meeting
The Promotion
Niagara (1)
Niagara (2)
Mafia
The Lover
Koi Pond
Double Date
Murder
Shareholder Meeting
Scott's Tots
Secret Santa
The Banker
Sabre
The Manager and the Salesman
The Delivery (1)
The Delivery (2)
St. Patrick's Day
New Leads
Happy Hour
Secretary's Day
Body Language
The Cover-Up
The Chump
Whistleblower
Nepotism
Counseling
Andy's Play
Sex Ed
The Sting
Costume Contest
Christening
Viewing Party
WUPHF.com
China
Classy Christmas (1)
Classy Christmas (2)
Ultimatum
The Seminar
The Search
PDA
Threat Level Midnight
Todd Packer
Garage Sale
Training Day
Michael's Last Dundies
Goodbye
The Inner Circle
Dwight K. Schrute
Search Committee (1)
Search Committee (2)
The List
The Incentive
Lotto
Garden Party
Spooked
Doomsday
Pam's Replacement
Gettysburg
Mrs. California
Christmas Wishes
Trivia
Pool Party
Jury Duty
Special Project
Tallahassee
After Hours
Test The Store
Last Day In Florida
Get The Girl
Welcome Party
Angry Andy
Fundraiser
Turf War
Free Family Portrait Studio
The New Guys
Roy's Wedding
Andy's Ancestry
Work Bus
Here Comes Treble
The Boat
The Whale
The Target
Dwight Christmas
Lice
Suit Warehouse
Customer Loyalty
Junior Salesman
Vandalism
Couples Discount
Moving On
The Farm
Promos
Stairmageddon
Paper Airplane
Livin' the Dream
A.A.R.M. (1)
A.A.R.M. (2)
Finale (1)
Finale (2)
Retrospective (42 min)
